/data/caotue/anaconda3/envs/sae_circuit/lib/python3.11/site-packages/transformers/utils/hub.py:110: FutureWarning: Using `TRANSFORMERS_CACHE` is deprecated and will be removed in v5 of Transformers. Use `HF_HOME` instead.
  warnings.warn(
[1782187884] Loading model...
WARNING:root:You tried to specify center_unembed=True for a model using logit softcap, but this can't be done! Softcapping is not invariant upon adding a constant Setting center_unembed=False instead.
`torch_dtype` is deprecated! Use `dtype` instead!
Loading checkpoint shards:   0%|          | 0/3 [00:00<?, ?it/s]Loading checkpoint shards:  33%|███▎      | 1/3 [00:00<00:01,  1.68it/s]Loading checkpoint shards:  67%|██████▋   | 2/3 [00:01<00:00,  1.35it/s]Loading checkpoint shards: 100%|██████████| 3/3 [00:01<00:00,  1.95it/s]
WARNING:root:With reduced precision, it is advised to use `from_pretrained_no_processing` instead of `from_pretrained`.
WARNING:root:You are not using LayerNorm, so the writing weights can't be centered! Skipping
Loaded pretrained model google/gemma-2-2b into HookedTransformer
[1782187903] Model loaded (18.6s)
Extracting toxic steering vector...
  extracted 50/100
  extracted 100/100
  extracted 50/100
  extracted 100/100
  v_toxic norm=1.0000
Extracting deception steering vector...
  extracted 50/100
  extracted 100/100
  extracted 50/100
  extracted 100/100
  v_deception norm=1.0000
  cos(v_toxic, v_decep)=-0.0277
  cos(v_toxic, v_rand)=-0.0028
Done extracting (60.9s)
Running toxic vector direction tracking...
  10/30 prompts done
  20/30 prompts done
  30/30 prompts done
Running deception vector direction tracking...
  10/30 prompts done
  20/30 prompts done
  30/30 prompts done
Running random vector direction tracking...
  10/30 prompts done
  20/30 prompts done
  30/30 prompts done

Layer	Toxic(cos)	Decep(cos)	Rand(cos)	Toxic(norm)	Decep(norm)	Rand(norm)
L8	0.9961		0.9967		0.9974		2.00		2.00		2.00
L9	0.7876		0.7712		0.7283		2.10		2.12		1.93
L10	0.6742		0.6479		0.5540		2.20		2.23		1.94
L11	0.5851		0.5701		0.4403		2.30		2.29		1.96
L12	0.5201		0.5240		0.3571		2.34		2.33		1.98
L13	0.4663		0.4749		0.2973		2.36		2.35		2.01
L14	0.4053		0.4316		0.2513		2.50		2.51		2.12
L15	0.3731		0.3743		0.2078		2.61		2.65		2.17
L16	0.3291		0.3305		0.1777		2.65		2.72		2.19
L17	0.2869		0.2907		0.1403		2.87		3.00		2.45
L18	0.2607		0.2709		0.1226		2.95		3.08		2.46
L19	0.2343		0.2331		0.1005		3.22		3.38		2.69
L20	0.2068		0.2053		0.0855		3.54		3.75		2.96
L21	0.1903		0.1867		0.0719		3.95		4.22		3.28
L22	0.1670		0.1606		0.0620		4.47		4.99		3.77
L23	0.1510		0.1451		0.0534		5.10		5.71		4.34
L24	0.1328		0.1308		0.0463		5.76		6.28		4.99
L25	0.0969		0.0862		0.0342		6.46		7.14		5.69

Cos decay (8->25):
  Toxic: 0.0973 (0.9961 -> 0.0969)
  Deception: 0.0865 (0.9967 -> 0.0862)
  Random: 0.0343 (0.9974 -> 0.0342)
Saved to Experiments/expC_results.json (82s)
