/data/caotue/anaconda3/envs/sae_circuit/lib/python3.11/site-packages/transformers/utils/hub.py:110: FutureWarning: Using `TRANSFORMERS_CACHE` is deprecated and will be removed in v5 of Transformers. Use `HF_HOME` instead.
  warnings.warn(
[1782198997] Loading model...
WARNING:root:You tried to specify center_unembed=True for a model using logit softcap, but this can't be done! Softcapping is not invariant upon adding a constant Setting center_unembed=False instead.
`torch_dtype` is deprecated! Use `dtype` instead!
Loading checkpoint shards:   0%|          | 0/3 [00:00<?, ?it/s]Loading checkpoint shards:  33%|███▎      | 1/3 [00:01<00:03,  1.83s/it]Loading checkpoint shards:  67%|██████▋   | 2/3 [00:04<00:02,  2.48s/it]Loading checkpoint shards: 100%|██████████| 3/3 [00:05<00:00,  1.49s/it]Loading checkpoint shards: 100%|██████████| 3/3 [00:05<00:00,  1.69s/it]
WARNING:root:With reduced precision, it is advised to use `from_pretrained_no_processing` instead of `from_pretrained`.
WARNING:root:You are not using LayerNorm, so the writing weights can't be centered! Skipping
Loaded pretrained model google/gemma-2-2b into HookedTransformer
[1782199026] Model loaded (28.6s)
Loading toxic data...
Loading deception data...
Extracting toxic contrastive vectors per layer...
  processed 50/100 texts
  processed 100/100 texts
  processed 50/100 texts
  processed 100/100 texts
Extracting deception contrastive vectors per layer...
  processed 50/100 texts
  processed 100/100 texts
  processed 50/100 texts
  processed 100/100 texts

Cross-layer cos of contrastive vectors (all vs L8):
  L8: toxic=0.9961, deception=1.0078
  L9: toxic=0.9141, deception=0.8633
  L10: toxic=0.8477, deception=0.7969
  L11: toxic=0.7852, deception=0.7148
  L12: toxic=0.7695, deception=0.6836
  L13: toxic=0.7070, deception=0.5742
  L14: toxic=0.6680, deception=0.5742
  L15: toxic=0.6367, deception=0.5469
  L16: toxic=0.5898, deception=0.5430
  L17: toxic=0.5781, deception=0.5156
  L18: toxic=0.5469, deception=0.4570
  L19: toxic=0.5352, deception=0.4062
  L20: toxic=0.5078, deception=0.3691
  L21: toxic=0.4707, deception=0.3867
  L22: toxic=0.4531, deception=0.3105
  L23: toxic=0.4277, deception=0.2793
  L24: toxic=0.3594, deception=0.2129
  L25: toxic=0.2246, deception=0.1270

  L8 cos(toxic, deception) = -0.0236

Running toxic per-layer alignment...
  10/30 prompts done
  20/30 prompts done
  30/30 prompts done
Running deception per-layer alignment...
  10/30 prompts done
  20/30 prompts done
  30/30 prompts done

 Layer   Toxic(cos)   Decep(cos)  Toxic(norm)  Decep(norm)
L   8       0.7971       0.7819         2.17         2.13
L   9       0.6447       0.5836         2.28         2.20
L  10       0.5504       0.4663         2.36         2.23
L  11       0.4490       0.3939         2.39         2.29
L  12       0.4114       0.3486         2.40         2.32
L  13       0.3309       0.2757         2.56         2.49
L  14       0.3104       0.2559         2.68         2.62
L  15       0.2674       0.2123         2.65         2.67
L  16       0.2402       0.1947         2.91         2.95
L  17       0.2261       0.1927         2.94         3.05
L  18       0.2197       0.1686         3.19         3.32
L  19       0.1785       0.1450         3.42         3.66
L  20       0.1622       0.1354         3.79         4.12
L  21       0.1608       0.0975         4.38         4.78
L  22       0.1334       0.0983         5.05         5.49
L  23       0.1312       0.0773         5.65         6.16
L  24       0.1193       0.0590         6.36         6.91
L  25       0.1331       0.0725         7.71         8.43

Cos decay (8->25):
  Toxic: 0.1670 (0.7971 -> 0.1331)
  Deception: 0.0927 (0.7819 -> 0.0725)
Saved to Experiments/expE_results.json (81s)
